no_token                     constraint   ✋  exit 2
token_expired                constraint   ✋  exit 2
needs_reauth                 constraint   ✋  exit 2
refresh_rejected             constraint   ✋  exit 2
refresh_server_error         malfunction  💥  exit 1
refresh_rate_limited         malfunction  💥  exit 1
no_access_token              malfunction  💥  exit 1
refresh_curl_failed          malfunction  💥  exit 1
api_key_not_oauth            constraint   ✋  exit 2
keyrack_absent               constraint   ✋  exit 2
keyrack_unreadable           malfunction  💥  exit 1
active_token_expired         constraint   ✋  exit 2
active_creds_unreadable      malfunction  💥  exit 1
active_identity_unknown      constraint   ✋  exit 2
active_identity_unverified   constraint   ✋  exit 2
curl_failed                  malfunction  💥  exit 1
rate_limited                 malfunction  💥  exit 1
unexpected_shape             malfunction  💥  exit 1
usage_server_error           malfunction  💥  exit 1
usage_rejected               constraint   ✋  exit 2
parse_failure                malfunction  💥  exit 1
some_code_we_never_declared  malfunction  💥  exit 1
no_subscriptions             constraint   ✋  exit 2
keyrack_list_failed          malfunction  💥  exit 1
